// Jest Snapshot v1, https://goo.gl/fbAQLP

exports[`CityWeatherPage should render correctly 1`] = `
<Provider
  store={
    Object {
      "@@observable": [Function],
      "dispatch": [Function],
      "getState": [Function],
      "replaceReducer": [Function],
      "subscribe": [Function],
    }
  }
>
   
  <Memo(CityCityWeatherPage) />
</Provider>
`;
